// Jest Snapshot v1, https://goo.gl/fbAQLP

exports[`Web component should match snapshot. 1`] = `
<div>
  <div
    class="header"
  >
    <div
      class="nav"
    >
      <div
        class="button-group"
      >
        <button
          class="button"
        >
          <img
            alt=""
            src="ic_webBack@2x.png"
          >
            
          </img>
        </button>
        <button
          class="button"
        >
          <img
            alt=""
            src="ic_webRefresh@2x.png"
          >
            
          </img>
        </button>
        <button
          class="button"
        >
          <img
            alt=""
            src="ic_webForward@2x.png"
          >
            
          </img>
        </button>
      </div>
    </div>
  </div>
  <div
    class="web-body"
  >
    <iframe
      sandbox="allow-scripts allow-top-navigation allow-forms allow-same-origin"
      src="https://www.bottlerocketstudios.com/contact"
      title="contact"
    >
      
    </iframe>
  </div>
  <div
    class="footer"
  >
    <a
      class="button"
      href="/"
    >
      <img
        alt=""
        src="tab_lunch@2x.png"
      >
        
      </img>
      <div
        class="text"
      >
        lunch
      </div>
    </a>
    <a
      class="button"
      href="/web"
    >
      <img
        alt=""
        src="tab_internets@2x.png"
      >
        
      </img>
      <div
        class="text"
      >
        internets
      </div>
    </a>
  </div>
</div>
`;
