// Jest Snapshot v1, https://goo.gl/fbAQLP

exports[`List component should match snapshot. 1`] = `
<div>
  <div>
    <div
      class="header"
    >
      <div
        class="text"
      >
        <strong>
          Lunch Tyme
        </strong>
        <img
          alt=""
          class="map"
          src="icon_map@2x.png"
        >
          
        </img>
      </div>
    </div>
    <div
      class="list-body"
    >
      
    </div>
    <div
      class="footer"
    >
      <a
        class="button"
        href="/"
      >
        <img
          alt=""
          src="tab_lunch@2x.png"
        >
          
        </img>
        <div
          class="text"
        >
          lunch
        </div>
      </a>
      <a
        class="button"
        href="/web"
      >
        <img
          alt=""
          src="tab_internets@2x.png"
        >
          
        </img>
        <div
          class="text"
        >
          internets
        </div>
      </a>
    </div>
  </div>
  <div>
    
  </div>
</div>
`;
