// Jest Snapshot v1, https://goo.gl/fbAQLP

exports[`matches snapshot 1`] = `
<div>
  <div>
    <div>
      Header
    </div>
    <div
      class="list-body"
    >
      <div
        class="item"
      >
        <img
          alt=""
          class="background-img"
          src="http://sandbox.bottlerocketapps.com/BR_iOS_CodingExam_2015_Server/Images/hopdoddy.png"
        >
          
        </img>
        <img
          alt=""
          class="top-img"
          src="cellGradientBackground@2x.png"
        >
          
        </img>
        <div>
          <div
            class="name"
          >
            <strong>
              Restaurant Name
            </strong>
            <div
              class="category"
            >
              Category Type
            </div>
          </div>
        </div>
      </div>
    </div>
    <div
      class="footer"
    >
      <button
        class="button"
        type="button"
      >
        <img
          alt=""
          src="tab_lunch@2x.png"
        >
          
        </img>
        <div>
          lunch
        </div>
      </button>
      <button
        class="button"
        type="button"
      >
        <img
          alt=""
          src="tab_internets@2x.png"
        >
          
        </img>
        <div>
          internets
        </div>
      </button>
    </div>
  </div>
</div>
`;
